--------- beginning of main
01-18 12:44:49.508  1742  1742 I         : BR_REPLY: [Interface token] 	[code] 0x00000000
01-18 12:44:50.509  1742  1742 I         : BC_TRANSACTION: [Interface token] android.net.INetworkStatsService	[code] 0x00000005
01-18 12:44:50.510  1538  1668 I         : BR_TRANSACTION: [Interface token] android.net.INetworkStatsService	[code] 0x00000005
01-18 12:44:50.510  1538  1668 I         : BC_REPLY: [Interface token] 	[code] 0x00000000
01-18 12:44:50.510  1742  1742 I         : BR_REPLY: [Interface token] 	[code] 0x00000000
01-18 12:44:50.510  1742  1742 I         : BC_TRANSACTION: [Interface token] android.net.INetworkStatsService	[code] 0x00000005
01-18 12:44:50.511  1538  1668 I         : BR_TRANSACTION: [Interface token] android.net.INetworkStatsService	[code] 0x00000005
01-18 12:44:50.511  1538  1668 I         : BC_REPLY: [Interface token] 	[code] 0x00000000
01-18 12:44:50.511  1742  1742 I         : BR_REPLY: [Interface token] 	[code] 0x00000000
01-18 12:44:50.511  1742  1742 I         : BR_REPLY: [Interface token] 	[code] 0x00000000
01-18 12:44:50.628  1742  1742 I         : BC_TRANSACTION: [Interface token] android.os.IPowerManager	[code] 0x00000001
01-18 12:44:50.628  1538  1668 I         : BR_TRANSACTION: [Interface token] android.os.IPowerManager	[code] 0x00000001
01-18 12:44:50.628  1538  1668 I         : BR_TRANSACTION: [Interface token] android.os.IPowerManager	[code] 0x00000001
01-18 12:44:50.629  1538  1668 E Parcel  : Reading a NULL string not supported here.
01-18 12:44:50.629  1538  1668 I         : BC_REPLY: [Interface token] 	[code] 0x00000000
01-18 12:44:50.629  1742  1742 E Parcel  : Reading a NULL string not supported here.
01-18 12:44:50.629  1742  1742 I         : BR_REPLY: [Interface token] 	[code] 0x00000000
01-18 12:44:50.631  1742  1841 I         : BC_TRANSACTION: [Interface token] android.os.IPowerManager	[code] 0x00000003
01-18 12:44:50.631  1538  1668 I         : BR_TRANSACTION: [Interface token] android.os.IPowerManager	[code] 0x00000003
01-18 12:44:50.632  1538  1668 I         : BR_TRANSACTION: [Interface token] android.os.IPowerManager	[code] 0x00000003
01-18 12:44:50.632  1538  1668 E Parcel  : Reading a NULL string not supported here.
01-18 12:44:50.632  1538  1668 I         : BC_REPLY: [Interface token] 	[code] 0x00000000
01-18 12:44:50.632  1742  1841 E Parcel  : Reading a NULL string not supported here.
01-18 12:44:50.632  1742  1841 I         : BR_REPLY: [Interface token] 	[code] 0x00000000
01-18 12:44:50.632  1742  1742 I         : BC_TRANSACTION: [Interface token] com.android.internal.telephony.ITelephonyRegistry	[code] 0x00000008
01-18 12:44:50.633  1538  1668 I         : BR_TRANSACTION: [Interface token] com.android.internal.telephony.ITelephonyRegistry	[code] 0x00000008
01-18 12:44:50.633  1538  1668 I         : BC_TRANSACTION: [Interface token] com.android.internal.telephony.IPhoneStateListener	[code] 0x00000009
01-18 12:44:50.633  1638  1821 I         : BR_TRANSACTION: [Interface token] com.android.internal.telephony.IPhoneStateListener	[code] 0x00000009
01-18 12:44:50.633  1538  1668 E Parcel  : Reading a NULL string not supported here.
01-18 12:44:50.633  1538  1668 I         : BC_REPLY: [Interface token] 	[code] 0x00000000
01-18 12:44:50.633  1742  1742 E Parcel  : Reading a NULL string not supported here.
01-18 12:44:50.633  1742  1742 I         : BR_REPLY: [Interface token] 	[code] 0x00000000
01-18 12:44:50.633  1742  1742 E Parcel  : Reading a NULL string not supported here.
01-18 12:44:50.633  1638  1825 I         : BC_TRANSACTION: [Interface token] android.os.IServiceManager	[code] 0x00000001
01-18 12:44:50.633  1742  1742 I         : BR_REPLY: [Interface token] 	[code] 0x00000000
01-18 12:44:50.633  1638  1825 E Parcel  : Reading a NULL string not supported here.
01-18 12:44:50.633  1638  1825 I         : BR_REPLY: [Interface token] 	[code] 0x00000000
01-18 12:44:50.633  1638  1825 I         : BC_TRANSACTION: [Interface token] com.android.internal.telephony.ITelephony	[code] 0x0000006a
01-18 12:44:50.633  1742  1862 I         : BR_TRANSACTION: [Interface token] com.android.internal.telephony.ITelephony	[code] 0x0000006a
01-18 12:44:50.633  1742  1862 I         : BC_TRANSACTION: [Interface token] android.app.IActivityManager	[code] 0x0000002c
01-18 12:44:50.633  1538  1668 I         : BR_TRANSACTION: [Interface token] android.app.IActivityManager	[code] 0x0000002c
01-18 12:44:50.633  1538  1668 E Parcel  : Reading a NULL string not supported here.
01-18 12:44:50.633  1538  1668 I         : BC_REPLY: [Interface token] 	[code] 0x00000000
01-18 12:44:50.634  1742  1862 E Parcel  : Reading a NULL string not supported here.
01-18 12:44:50.634  1742  1862 I         : BR_REPLY: [Interface token] 	[code] 0x00000000
01-18 12:44:50.634  1742  1862 E Parcel  : Reading a NULL string not supported here.
01-18 12:44:50.634  1742  1862 I         : BC_REPLY: [Interface token] 	[code] 0x00000000
01-18 12:44:50.634  1638  1825 E Parcel  : Reading a NULL string not supported here.
01-18 12:44:50.634  1638  1825 I         : BR_REPLY: [Interface token] 	[code] 0x00000000
01-18 12:44:50.634  1638  1825 E Parcel  : Reading a NULL string not supported here.
01-18 12:44:50.634  1638  1825 I         : BR_REPLY: [Interface token] 	[code] 0x00000000
01-18 12:44:50.810  1742  1742 I         : BC_TRANSACTION: [Interface token] android.os.IPowerManager	[code] 0x00000001
01-18 12:44:50.810  1538  1668 I         : BR_TRANSACTION: [Interface token] android.os.IPowerManager	[code] 0x00000001
01-18 12:44:50.811  1538  1668 I         : BR_TRANSACTION: [Interface token] android.os.IPowerManager	[code] 0x00000001
01-18 12:44:50.811  1538  1668 E Parcel  : Reading a NULL string not supported here.
01-18 12:44:50.811  1538  1668 I         : BC_REPLY: [Interface token] 	[code] 0x00000000
01-18 12:44:50.811  1742  1742 E Parcel  : Reading a NULL string not supported here.
01-18 12:44:50.811  1742  1742 I         : BR_REPLY: [Interface token] 	[code] 0x00000000
01-18 12:44:50.812  1742  1742 E Parcel  : Reading a NULL string not supported here.
01-18 12:44:50.812  1742  1742 I         : BR_REPLY: [Interface token] 	[code] 0x00000000
01-18 12:44:50.813  1742  1841 I         : BC_TRANSACTION: [Interface token] android.os.IPowerManager	[code] 0x00000003
01-18 12:44:50.813  1742  1742 I         : BC_TRANSACTION: [Interface token] com.android.internal.telephony.ITelephonyRegistry	[code] 0x00000008
01-18 12:44:50.814  1538  1767 I         : BR_TRANSACTION: [Interface token] com.android.internal.telephony.ITelephonyRegistry	[code] 0x00000008
01-18 12:44:50.814  1538  1668 I         : BR_TRANSACTION: [Interface token] android.os.IPowerManager	[code] 0x00000003
01-18 12:44:50.814  1538  1767 I         : BC_TRANSACTION: [Interface token] com.android.internal.telephony.IPhoneStateListener	[code] 0x00000009
01-18 12:44:50.814  1538  1668 I         : BR_TRANSACTION: [Interface token] android.os.IPowerManager	[code] 0x00000003
01-18 12:44:50.814  1638  1821 I         : BR_TRANSACTION: [Interface token] com.android.internal.telephony.IPhoneStateListener	[code] 0x00000009
01-18 12:44:50.815  1638  1825 I         : BC_TRANSACTION: [Interface token] android.os.IServiceManager	[code] 0x00000001
01-18 12:44:50.815  1538  1767 E Parcel  : Reading a NULL string not supported here.
01-18 12:44:50.815  1538  1767 I         : BC_REPLY: [Interface token] 	[code] 0x00000000
01-18 12:44:50.815  1742  1742 E Parcel  : Reading a NULL string not supported here.
01-18 12:44:50.815  1742  1742 I         : BR_REPLY: [Interface token] 	[code] 0x00000000
01-18 12:44:50.815  1742  1742 E Parcel  : Reading a NULL string not supported here.
01-18 12:44:50.815  1742  1742 I         : BR_REPLY: [Interface token] 	[code] 0x00000000
01-18 12:44:50.815  1638  1825 E Parcel  : Reading a NULL string not supported here.
01-18 12:44:50.815  1638  1825 I         : BR_REPLY: [Interface token] 	[code] 0x00000000
01-18 12:44:50.815  1638  1825 I         : BC_TRANSACTION: [Interface token] com.android.internal.telephony.ITelephony	[code] 0x0000006a
01-18 12:44:50.816  1538  1668 E Parcel  : Reading a NULL string not supported here.
01-18 12:44:50.816  1538  1668 I         : BC_REPLY: [Interface token] 	[code] 0x00000000
01-18 12:44:50.816  1742  1841 E Parcel  : Reading a NULL string not supported here.
01-18 12:44:50.816  1742  1841 I         : BR_REPLY: [Interface token] 	[code] 0x00000000
01-18 12:44:50.816  1742  1862 I         : BR_TRANSACTION: [Interface token] com.android.internal.telephony.ITelephony	[code] 0x0000006a
01-18 12:44:50.816  1742  1862 I         : BC_TRANSACTION: [Interface token] android.app.IActivityManager	[code] 0x0000002c
01-18 12:44:50.816  1538  1668 I         : BR_TRANSACTION: [Interface token] android.app.IActivityManager	[code] 0x0000002c
01-18 12:44:50.817  1538  1668 E Parcel  : Reading a NULL string not supported here.
01-18 12:44:50.817  1538  1668 I         : BC_REPLY: [Interface token] 	[code] 0x00000000
01-18 12:44:50.817  1742  1862 E Parcel  : Reading a NULL string not supported here.
01-18 12:44:50.817  1742  1862 I         : BR_REPLY: [Interface token] 	[code] 0x00000000
01-18 12:44:50.817  1742  1862 E Parcel  : Reading a NULL string not supported here.
01-18 12:44:50.817  1742  1862 I         : BC_REPLY: [Interface token] 	[code] 0x00000000
01-18 12:44:50.818  1638  1825 E Parcel  : Reading a NULL string not supported here.
01-18 12:44:50.818  1638  1825 I         : BR_REPLY: [Interface token] 	[code] 0x00000000
01-18 12:44:50.818  1638  1825 E Parcel  : Reading a NULL string not supported here.
01-18 12:44:50.818  1638  1825 I         : BR_REPLY: [Interface token] 	[code] 0x00000000
01-18 12:44:51.512  1742  1742 I         : BC_TRANSACTION: [Interface token] android.net.INetworkStatsService	[code] 0x00000005
01-18 12:44:51.513  1538  1668 I         : BR_TRANSACTION: [Interface token] android.net.INetworkStatsService	[code] 0x00000005
01-18 12:44:51.513  1538  1668 I         : BC_REPLY: [Interface token] 	[code] 0x00000000
01-18 12:44:51.513  1742  1742 I         : BR_REPLY: [Interface token] 	[code] 0x00000000
01-18 12:44:51.513  1742  1742 I         : BC_TRANSACTION: [Interface token] android.net.INetworkStatsService	[code] 0x00000005
01-18 12:44:51.514  1538  1668 I         : BR_TRANSACTION: [Interface token] android.net.INetworkStatsService	[code] 0x00000005
01-18 12:44:51.514  1538  1668 I         : BC_REPLY: [Interface token] 	[code] 0x00000000
01-18 12:44:51.514  1742  1742 I         : BR_REPLY: [Interface token] 	[code] 0x00000000
01-18 12:44:51.514  1742  1742 I         : BR_REPLY: [Interface token] 	[code] 0x00000000
01-18 12:44:52.516  1742  1742 I         : BC_TRANSACTION: [Interface token] android.net.INetworkStatsService	[code] 0x00000005
01-18 12:44:52.516  1538  1668 I         : BR_TRANSACTION: [Interface token] android.net.INetworkStatsService	[code] 0x00000005
01-18 12:44:52.517  1538  1668 I         : BC_REPLY: [Interface token] 	[code] 0x00000000
01-18 12:44:52.517  1742  1742 I         : BR_REPLY: [Interface token] 	[code] 0x00000000
01-18 12:44:52.517  1742  1742 I         : BC_TRANSACTION: [Interface token] android.net.INetworkStatsService	[code] 0x00000005
01-18 12:44:52.517  1538  1668 I         : BR_TRANSACTION: [Interface token] android.net.INetworkStatsService	[code] 0x00000005
01-18 12:44:52.517  1538  1668 I         : BC_REPLY: [Interface token] 	[code] 0x00000000
01-18 12:44:52.517  1742  1742 I         : BR_REPLY: [Interface token] 	[code] 0x00000000
01-18 12:44:52.518  1742  1742 I         : BR_REPLY: [Interface token] 	[code] 0x00000000
01-18 12:44:53.520  1742  1742 I         : BC_TRANSACTION: [Interface token] android.net.INetworkStatsService	[code] 0x00000005
01-18 12:44:53.520  1538  1668 I         : BR_TRANSACTION: [Interface token] android.net.INetworkStatsService	[code] 0x00000005
01-18 12:44:53.520  1538  1668 I         : BC_REPLY: [Interface token] 	[code] 0x00000000
01-18 12:44:53.520  1742  1742 I         : BR_REPLY: [Interface token] 	[code] 0x00000000
01-18 12:44:53.521  1742  1742 I         : BC_TRANSACTION: [Interface token] android.net.INetworkStatsService	[code] 0x00000005
01-18 12:44:53.521  1538  1668 I         : BR_TRANSACTION: [Interface token] android.net.INetworkStatsService	[code] 0x00000005
01-18 12:44:53.521  1538  1668 I         : BC_REPLY: [Interface token] 	[code] 0x00000000
01-18 12:44:53.521  1742  1742 I         : BR_REPLY: [Interface token] 	[code] 0x00000000
01-18 12:44:53.521  1742  1742 I         : BR_REPLY: [Interface token] 	[code] 0x00000000
01-18 12:44:54.523  1742  1742 I         : BC_TRANSACTION: [Interface token] android.net.INetworkStatsService	[code] 0x00000005
01-18 12:44:54.523  1538  1668 I         : BR_TRANSACTION: [Interface token] android.net.INetworkStatsService	[code] 0x00000005
01-18 12:44:54.523  1538  1668 I         : BC_REPLY: [Interface token] 	[code] 0x00000000
01-18 12:44:54.523  1742  1742 I         : BR_REPLY: [Interface token] 	[code] 0x00000000
01-18 12:44:54.524  1742  1742 I         : BC_TRANSACTION: [Interface token] android.net.INetworkStatsService	[code] 0x00000005
01-18 12:44:54.524  1538  1668 I         : BR_TRANSACTION: [Interface token] android.net.INetworkStatsService	[code] 0x00000005
01-18 12:44:54.524  1538  1668 I         : BC_REPLY: [Interface token] 	[code] 0x00000000
01-18 12:44:54.524  1742  1742 I         : BR_REPLY: [Interface token] 	[code] 0x00000000
01-18 12:44:54.524  1742  1742 I         : BR_REPLY: [Interface token] 	[code] 0x00000000
01-18 12:44:55.526  1742  1742 I         : BC_TRANSACTION: [Interface token] android.net.INetworkStatsService	[code] 0x00000005
01-18 12:44:55.526  1538  1668 I         : BR_TRANSACTION: [Interface token] android.net.INetworkStatsService	[code] 0x00000005
01-18 12:44:55.527  1538  1668 I         : BC_REPLY: [Interface token] 	[code] 0x00000000
01-18 12:44:55.527  1742  1742 I         : BR_REPLY: [Interface token] 	[code] 0x00000000
01-18 12:44:55.527  1742  1742 I         : BC_TRANSACTION: [Interface token] android.net.INetworkStatsService	[code] 0x00000005
01-18 12:44:55.527  1538  1668 I         : BR_TRANSACTION: [Interface token] android.net.INetworkStatsService	[code] 0x00000005
01-18 12:44:55.527  1538  1668 I         : BC_REPLY: [Interface token] 	[code] 0x00000000
01-18 12:44:55.528  1742  1742 I         : BR_REPLY: [Interface token] 	[code] 0x00000000
01-18 12:44:55.528  1742  1742 I         : BR_REPLY: [Interface token] 	[code] 0x00000000
01-18 12:44:56.530  1742  1742 I         : BC_TRANSACTION: [Interface token] android.net.INetworkStatsService	[code] 0x00000005
01-18 12:44:56.530  1538  1668 I         : BR_TRANSACTION: [Interface token] android.net.INetworkStatsService	[code] 0x00000005
01-18 12:44:56.530  1538  1668 I         : BC_REPLY: [Interface token] 	[code] 0x00000000
01-18 12:44:56.530  1742  1742 I         : BR_REPLY: [Interface token] 	[code] 0x00000000
01-18 12:44:56.531  1742  1742 I         : BC_TRANSACTION: [Interface token] android.net.INetworkStatsService	[code] 0x00000005
01-18 12:44:56.531  1538  1668 I         : BR_TRANSACTION: [Interface token] android.net.INetworkStatsService	[code] 0x00000005
01-18 12:44:56.531  1538  1668 I         : BC_REPLY: [Interface token] 	[code] 0x00000000
01-18 12:44:56.531  1742  1742 I         : BR_REPLY: [Interface token] 	[code] 0x00000000
01-18 12:44:56.531  1742  1742 I         : BR_REPLY: [Interface token] 	[code] 0x00000000
01-18 12:44:57.533  1742  1742 I         : BC_TRANSACTION: [Interface token] android.net.INetworkStatsService	[code] 0x00000005
01-18 12:44:57.533  1538  1668 I         : BR_TRANSACTION: [Interface token] android.net.INetworkStatsService	[code] 0x00000005
01-18 12:44:57.534  1538  1668 I         : BC_REPLY: [Interface token] 	[code] 0x00000000
01-18 12:44:57.534  1742  1742 I         : BR_REPLY: [Interface token] 	[code] 0x00000000
01-18 12:44:57.534  1742  1742 I         : BC_TRANSACTION: [Interface token] android.net.INetworkStatsService	[code] 0x00000005
01-18 12:44:57.535  1538  1668 I         : BR_TRANSACTION: [Interface token] android.net.INetworkStatsService	[code] 0x00000005
01-18 12:44:57.535  1538  1668 I         : BC_REPLY: [Interface token] 	[code] 0x00000000
01-18 12:44:57.535  1742  1742 I         : BR_REPLY: [Interface token] 	[code] 0x00000000
01-18 12:44:57.535  1742  1742 I         : BR_REPLY: [Interface token] 	[code] 0x00000000
01-18 12:44:58.536  1742  1742 I         : BC_TRANSACTION: [Interface token] android.net.INetworkStatsService	[code] 0x00000005
01-18 12:44:58.536  1538  1668 I         : BR_TRANSACTION: [Interface token] android.net.INetworkStatsService	[code] 0x00000005
01-18 12:44:58.537  1538  1668 I         : BC_REPLY: [Interface token] 	[code] 0x00000000
01-18 12:44:58.537  1742  1742 I         : BR_REPLY: [Interface token] 	[code] 0x00000000
01-18 12:44:58.537  1742  1742 I         : BC_TRANSACTION: [Interface token] android.net.INetworkStatsService	[code] 0x00000005
01-18 12:44:58.537  1538  1668 I         : BR_TRANSACTION: [Interface token] android.net.INetworkStatsService	[code] 0x00000005
01-18 12:44:58.537  1538  1668 I         : BC_REPLY: [Interface token] 	[code] 0x00000000
01-18 12:44:58.537  1742  1742 I         : BR_REPLY: [Interface token] 	[code] 0x00000000
01-18 12:44:58.538  1742  1742 I         : BR_REPLY: [Interface token] 	[code] 0x00000000
01-18 12:44:59.540  1742  1742 I         : BC_TRANSACTION: [Interface token] android.net.INetworkStatsService	[code] 0x00000005
01-18 12:44:59.540  1538  1668 I         : BR_TRANSACTION: [Interface token] android.net.INetworkStatsService	[code] 0x00000005
01-18 12:44:59.540  1538  1668 I         : BC_REPLY: [Interface token] 	[code] 0x00000000
01-18 12:44:59.540  1742  1742 I         : BR_REPLY: [Interface token] 	[code] 0x00000000
01-18 12:44:59.541  1742  1742 I         : BC_TRANSACTION: [Interface token] android.net.INetworkStatsService	[code] 0x00000005
01-18 12:44:59.541  1538  1668 I         : BR_TRANSACTION: [Interface token] android.net.INetworkStatsService	[code] 0x00000005
01-18 12:44:59.541  1538  1668 I         : BC_REPLY: [Interface token] 	[code] 0x00000000
01-18 12:44:59.541  1742  1742 I         : BR_REPLY: [Interface token] 	[code] 0x00000000
01-18 12:44:59.541  1742  1742 I         : BR_REPLY: [Interface token] 	[code] 0x00000000
01-18 12:45:00.002  1538  1538 I         : BC_TRANSACTION: [Interface token] android.app.IApplicationThread	[code] 0x00000015
01-18 12:45:00.002  1638  1821 I         : BR_TRANSACTION: [Interface token] android.app.IApplicationThread	[code] 0x00000015
01-18 12:45:00.003  1538  1552 E memtrack: Couldn't load memtrack module
01-18 12:45:00.003  1538  1552 W android.os.Debug: failed to get memory consumption info: -1
01-18 12:45:00.004  1638  1638 I         : BC_TRANSACTION: [Interface token] android.app.IActivityManager	[code] 0x0000000a
01-18 12:45:00.004  1638  1638 I         : BC_TRANSACTION: [Interface token] android.app.IAlarmManager	[code] 0x00000006
01-18 12:45:00.004  1538  1668 I         : BR_TRANSACTION: [Interface token] android.app.IActivityManager	[code] 0x0000000a
01-18 12:45:00.005  1538  1767 I         : BR_TRANSACTION: [Interface token] android.app.IAlarmManager	[code] 0x00000006
01-18 12:45:00.005  1538  1767 E Parcel  : Reading a NULL string not supported here.
01-18 12:45:00.005  1538  1767 I         : BC_REPLY: [Interface token] 	[code] 0x00000000
01-18 12:45:00.006  1538  1668 I         : BC_TRANSACTION: [Interface token] android.app.IApplicationThread	[code] 0x00000015
01-18 12:45:00.006  1638  1821 I         : BR_TRANSACTION: [Interface token] android.app.IApplicationThread	[code] 0x00000015
01-18 12:45:00.007  1638  1870 I         : BC_TRANSACTION: [Interface token] android.app.IActivityManager	[code] 0x0000000a
01-18 12:45:00.007  1538  1668 I         : BR_TRANSACTION: [Interface token] android.app.IActivityManager	[code] 0x0000000a
01-18 12:45:00.007  1538  1668 I         : BC_TRANSACTION: [Interface token] android.app.IApplicationThread	[code] 0x00000015
01-18 12:45:00.007  1638  1638 E Parcel  : Reading a NULL string not supported here.
01-18 12:45:00.007  1638  1821 I         : BR_TRANSACTION: [Interface token] android.app.IApplicationThread	[code] 0x00000015
01-18 12:45:00.007  1638  1638 I         : BR_REPLY: [Interface token] 	[code] 0x00000000
01-18 12:45:00.007  1638  1638 I         : BC_TRANSACTION: [Interface token] android.app.IActivityManager	[code] 0x0000008a
01-18 12:45:00.007  1538  1767 I         : BR_TRANSACTION: [Interface token] android.app.IActivityManager	[code] 0x0000008a
01-18 12:45:00.008  1538  1767 I         : BC_REPLY: [Interface token] 	[code] 0x00000000
01-18 12:45:00.008  1638  1638 I         : BR_REPLY: [Interface token] 	[code] 0x00000000
01-18 12:45:00.008  1638  1638 I         : BC_TRANSACTION: [Interface token] android.app.IActivityManager	[code] 0x0000008a
01-18 12:45:00.008  1538  1668 I         : BR_TRANSACTION: [Interface token] android.app.IActivityManager	[code] 0x0000008a
01-18 12:45:00.008  1538  1668 I         : BC_REPLY: [Interface token] 	[code] 0x00000000
01-18 12:45:00.008  1638  1638 I         : BR_REPLY: [Interface token] 	[code] 0x00000000
01-18 12:45:00.008  1638  1638 I         : BC_TRANSACTION: [Interface token] android.app.IActivityManager	[code] 0x0000000a
01-18 12:45:00.008  1538  1668 I         : BR_TRANSACTION: [Interface token] android.app.IActivityManager	[code] 0x0000000a
01-18 12:45:00.008  1538  1668 I         : BC_TRANSACTION: [Interface token] android.app.IApplicationThread	[code] 0x00000015
01-18 12:45:00.008  1638  1821 I         : BR_TRANSACTION: [Interface token] android.app.IApplicationThread	[code] 0x00000015
01-18 12:45:00.008  1638  1870 I         : BC_TRANSACTION: [Interface token] android.app.IActivityManager	[code] 0x0000000a
01-18 12:45:00.009  1538  1668 I         : BR_TRANSACTION: [Interface token] android.app.IActivityManager	[code] 0x0000000a
01-18 12:45:00.009  1538  1668 I         : BC_TRANSACTION: [Interface token] android.app.IApplicationThread	[code] 0x00000015
01-18 12:45:00.009  1638  1821 I         : BR_TRANSACTION: [Interface token] android.app.IApplicationThread	[code] 0x00000015
01-18 12:45:00.009  1638  1870 I         : BC_TRANSACTION: [Interface token] android.app.IActivityManager	[code] 0x0000000a
01-18 12:45:00.009  1538  1668 I         : BR_TRANSACTION: [Interface token] android.app.IActivityManager	[code] 0x0000000a
01-18 12:45:00.009  1638  1638 I         : BC_TRANSACTION: [Interface token] android.app.IActivityManager	[code] 0x0000008a
01-18 12:45:00.009  1538  1767 I         : BR_TRANSACTION: [Interface token] android.app.IActivityManager	[code] 0x0000008a
01-18 12:45:00.009  1538  1767 I         : BC_REPLY: [Interface token] 	[code] 0x00000000
01-18 12:45:00.010  1538  1668 I         : BC_TRANSACTION: [Interface token] android.app.IApplicationThread	[code] 0x00000015
01-18 12:45:00.010  1638  1821 I         : BR_TRANSACTION: [Interface token] android.app.IApplicationThread	[code] 0x00000015
01-18 12:45:00.010  1638  1638 I         : BR_REPLY: [Interface token] 	[code] 0x00000000
01-18 12:45:00.010  1638  1870 I         : BC_TRANSACTION: [Interface token] android.app.IActivityManager	[code] 0x0000000a
01-18 12:45:00.010  1638  1638 I         : BC_TRANSACTION: [Interface token] android.gui.DisplayEventConnection	[code] 0x00000003
01-18 12:45:00.010  1388  1412 I         : BR_TRANSACTION: [Interface token] android.gui.DisplayEventConnection	[code] 0x00000003
01-18 12:45:00.010  1638  1638 I         : BC_TRANSACTION: [Interface token] android.app.IActivityManager	[code] 0x0000008a
01-18 12:45:00.010  1538  1767 I         : BR_TRANSACTION: [Interface token] android.app.IActivityManager	[code] 0x0000008a
01-18 12:45:00.011  1538  1767 I         : BC_REPLY: [Interface token] 	[code] 0x00000000
01-18 12:45:00.011  1538  1668 I         : BR_TRANSACTION: [Interface token] android.app.IActivityManager	[code] 0x0000000a
01-18 12:45:00.011  1538  1668 I         : BC_TRANSACTION: [Interface token] android.app.IApplicationThread	[code] 0x00000015
01-18 12:45:00.011  1638  1821 I         : BR_TRANSACTION: [Interface token] android.app.IApplicationThread	[code] 0x00000015
01-18 12:45:00.011  1638  1638 I         : BR_REPLY: [Interface token] 	[code] 0x00000000
01-18 12:45:00.011  1638  1870 I         : BC_TRANSACTION: [Interface token] android.app.IActivityManager	[code] 0x0000000a
01-18 12:45:00.011  1638  1638 I         : BR_REPLY: [Interface token] 	[code] 0x00000000
01-18 12:45:00.011  1538  1668 I         : BR_TRANSACTION: [Interface token] android.app.IActivityManager	[code] 0x0000000a
01-18 12:45:00.011  1538  1668 I         : BC_TRANSACTION: [Interface token] android.app.IApplicationThread	[code] 0x00000015
01-18 12:45:00.011  1638  1821 I         : BR_TRANSACTION: [Interface token] android.app.IApplicationThread	[code] 0x00000015
01-18 12:45:00.011  1638  1870 I         : BC_TRANSACTION: [Interface token] android.app.IActivityManager	[code] 0x0000000a
01-18 12:45:00.012  1538  1668 I         : BR_TRANSACTION: [Interface token] android.app.IActivityManager	[code] 0x0000000a
01-18 12:45:00.012  1538  1668 I         : BC_TRANSACTION: [Interface token] android.app.IApplicationThread	[code] 0x00000015
01-18 12:45:00.012  1999  2030 I         : BR_TRANSACTION: [Interface token] android.app.IApplicationThread	[code] 0x00000015
01-18 12:45:00.012  1999  1999 I         : BC_TRANSACTION: [Interface token] android.gui.DisplayEventConnection	[code] 0x00000003
01-18 12:45:00.012  1388  1416 I         : BR_TRANSACTION: [Interface token] android.gui.DisplayEventConnection	[code] 0x00000003
01-18 12:45:00.012  1999  1999 I         : BC_TRANSACTION: [Interface token] android.app.IActivityManager	[code] 0x0000000a
01-18 12:45:00.012  1538  1668 I         : BR_TRANSACTION: [Interface token] android.app.IActivityManager	[code] 0x0000000a
01-18 12:45:00.013  1388  1418 I         : BC_TRANSACTION: [Interface token] android.os.IPowerManager	[code] 0x00000005
01-18 12:45:00.014  1538  1668 I         : BR_TRANSACTION: [Interface token] android.os.IPowerManager	[code] 0x00000005
01-18 12:45:00.028  1638  1638 I         : BC_TRANSACTION: [Interface token] android.hardware.display.IDisplayManager	[code] 0x00000001
01-18 12:45:00.028  1538  1668 I         : BR_TRANSACTION: [Interface token] android.hardware.display.IDisplayManager	[code] 0x00000001
01-18 12:45:00.028  1538  1668 I         : BC_REPLY: [Interface token] 	[code] 0x00000000
01-18 12:45:00.028  1638  1638 I         : BR_REPLY: [Interface token] 	[code] 0x00000000
01-18 12:45:00.030  1381  1397 D hwcomposer: hw_composer sent 6 syncs in 60s
01-18 12:45:00.030  1638  1638 I         : BC_TRANSACTION: [Interface token] android.gui.DisplayEventConnection	[code] 0x00000003
01-18 12:45:00.030  1999  2047 I         : BC_TRANSACTION: [Interface token] android.gui.IGraphicBufferProducer	[code] 0x00000006
01-18 12:45:00.031  1388  1412 I         : BR_TRANSACTION: [Interface token] android.gui.IGraphicBufferProducer	[code] 0x00000006
01-18 12:45:00.031  1388  1412 I         : BC_REPLY: [Interface token] 	[code] 0x00000000
01-18 12:45:00.031  1388  1420 I         : BC_TRANSACTION: [Interface token] android.os.IPowerManager	[code] 0x00000005
01-18 12:45:00.031  1388  1416 I         : BR_TRANSACTION: [Interface token] android.gui.DisplayEventConnection	[code] 0x00000003
01-18 12:45:00.031  1538  1668 I         : BR_TRANSACTION: [Interface token] android.os.IPowerManager	[code] 0x00000005
01-18 12:45:00.031  1999  2047 I         : BR_REPLY: [Interface token] 	[code] 0x00000000
01-18 12:45:00.031  1999  2047 I         : BC_TRANSACTION: [Interface token] android.gui.IGraphicBufferProducer	[code] 0x00000002
01-18 12:45:00.031  1388  1416 I         : BR_TRANSACTION: [Interface token] android.gui.IGraphicBufferProducer	[code] 0x00000002
01-18 12:45:00.031  1388  1416 I         : BC_REPLY: [Interface token] 	[code] 0x00000000
01-18 12:45:00.031  1999  2047 I         : BR_REPLY: [Interface token] 	[code] 0x00000000
01-18 12:45:00.034  1638  1860 I         : BC_TRANSACTION: [Interface token] android.gui.IGraphicBufferProducer	[code] 0x00000006
01-18 12:45:00.034  1388  1416 I         : BR_TRANSACTION: [Interface token] android.gui.IGraphicBufferProducer	[code] 0x00000006
01-18 12:45:00.034  1388  1416 I         : BC_REPLY: [Interface token] 	[code] 0x00000000
01-18 12:45:00.034  1638  1860 I         : BR_REPLY: [Interface token] 	[code] 0x00000000
01-18 12:45:00.034  1638  1860 I         : BC_TRANSACTION: [Interface token] android.gui.IGraphicBufferProducer	[code] 0x00000002
01-18 12:45:00.034  1388  1416 I         : BR_TRANSACTION: [Interface token] android.gui.IGraphicBufferProducer	[code] 0x00000002
01-18 12:45:00.034  1388  1416 I         : BC_REPLY: [Interface token] 	[code] 0x00000000
01-18 12:45:00.034  1638  1860 I         : BR_REPLY: [Interface token] 	[code] 0x00000000
01-18 12:45:00.052  1638  1860 I         : BC_TRANSACTION: [Interface token] android.gui.IGraphicBufferProducer	[code] 0x00000006
01-18 12:45:00.052  1388  1416 I         : BR_TRANSACTION: [Interface token] android.gui.IGraphicBufferProducer	[code] 0x00000006
01-18 12:45:00.053  1388  1416 I         : BC_REPLY: [Interface token] 	[code] 0x00000000
01-18 12:45:00.053  1638  1860 I         : BR_REPLY: [Interface token] 	[code] 0x00000000
01-18 12:45:00.053  1638  1860 I         : BC_TRANSACTION: [Interface token] android.gui.IGraphicBufferProducer	[code] 0x00000002
01-18 12:45:00.053  1388  1416 I         : BR_TRANSACTION: [Interface token] android.gui.IGraphicBufferProducer	[code] 0x00000002
01-18 12:45:00.053  1388  1416 I         : BC_REPLY: [Interface token] 	[code] 0x00000000
01-18 12:45:00.053  1638  1860 I         : BR_REPLY: [Interface token] 	[code] 0x00000000
01-18 12:45:00.071  1388  1417 I         : BC_TRANSACTION: [Interface token] android.os.IPowerManager	[code] 0x00000005
01-18 12:45:00.071  1538  1668 I         : BR_TRANSACTION: [Interface token] android.os.IPowerManager	[code] 0x00000005
01-18 12:45:00.093  1388  1419 I         : BC_TRANSACTION: [Interface token] android.os.IPowerManager	[code] 0x00000005
01-18 12:45:00.093  1538  1668 I         : BR_TRANSACTION: [Interface token] android.os.IPowerManager	[code] 0x00000005
01-18 12:45:00.543  1742  1742 I         : BC_TRANSACTION: [Interface token] android.net.INetworkStatsService	[code] 0x00000005
01-18 12:45:00.543  1538  1668 I         : BR_TRANSACTION: [Interface token] android.net.INetworkStatsService	[code] 0x00000005
01-18 12:45:00.543  1538  1668 I         : BC_REPLY: [Interface token] 	[code] 0x00000000
01-18 12:45:00.544  1742  1742 I         : BR_REPLY: [Interface token] 	[code] 0x00000000
01-18 12:45:00.544  1742  1742 I         : BC_TRANSACTION: [Interface token] android.net.INetworkStatsService	[code] 0x00000005
01-18 12:45:00.544  1538  1668 I         : BR_TRANSACTION: [Interface token] android.net.INetworkStatsService	[code] 0x00000005
01-18 12:45:00.544  1538  1668 I         : BC_REPLY: [Interface token] 	[code] 0x00000000
01-18 12:45:00.544  1742  1742 I         : BR_REPLY: [Interface token] 	[code] 0x00000000
01-18 12:45:00.545  1742  1742 I         : BR_REPLY: [Interface token] 	[code] 0x00000000
01-18 12:45:01.546  1742  1742 I         : BC_TRANSACTION: [Interface token] android.net.INetworkStatsService	[code] 0x00000005
01-18 12:45:01.547  1538  1668 I         : BR_TRANSACTION: [Interface token] android.net.INetworkStatsService	[code] 0x00000005
01-18 12:45:01.547  1538  1668 I         : BC_REPLY: [Interface token] 	[code] 0x00000000
01-18 12:45:01.547  1742  1742 I         : BR_REPLY: [Interface token] 	[code] 0x00000000
01-18 12:45:01.547  1742  1742 I         : BC_TRANSACTION: [Interface token] android.net.INetworkStatsService	[code] 0x00000005
01-18 12:45:01.547  1538  1668 I         : BR_TRANSACTION: [Interface token] android.net.INetworkStatsService	[code] 0x00000005
01-18 12:45:01.547  1538  1668 I         : BC_REPLY: [Interface token] 	[code] 0x00000000
01-18 12:45:01.548  1742  1742 I         : BR_REPLY: [Interface token] 	[code] 0x00000000
01-18 12:45:01.548  1742  1742 I         : BR_REPLY: [Interface token] 	[code] 0x00000000
01-18 12:45:02.550  1742  1742 I         : BC_TRANSACTION: [Interface token] android.net.INetworkStatsService	[code] 0x00000005
01-18 12:45:02.550  1538  1668 I         : BR_TRANSACTION: [Interface token] android.net.INetworkStatsService	[code] 0x00000005
01-18 12:45:02.550  1538  1668 I         : BC_REPLY: [Interface token] 	[code] 0x00000000
01-18 12:45:02.550  1742  1742 I         : BR_REPLY: [Interface token] 	[code] 0x00000000
01-18 12:45:02.551  1742  1742 I         : BC_TRANSACTION: [Interface token] android.net.INetworkStatsService	[code] 0x00000005
01-18 12:45:02.551  1538  1668 I         : BR_TRANSACTION: [Interface token] android.net.INetworkStatsService	[code] 0x00000005
01-18 12:45:02.551  1538  1668 I         : BC_REPLY: [Interface token] 	[code] 0x00000000
01-18 12:45:02.551  1742  1742 I         : BR_REPLY: [Interface token] 	[code] 0x00000000
01-18 12:45:02.552  1742  1742 I         : BR_REPLY: [Interface token] 	[code] 0x00000000
01-18 12:45:03.553  1742  1742 I         : BC_TRANSACTION: [Interface token] android.net.INetworkStatsService	[code] 0x00000005
01-18 12:45:03.553  1538  1668 I         : BR_TRANSACTION: [Interface token] android.net.INetworkStatsService	[code] 0x00000005
01-18 12:45:03.554  1538  1668 I         : BC_REPLY: [Interface token] 	[code] 0x00000000
01-18 12:45:03.554  1742  1742 I         : BR_REPLY: [Interface token] 	[code] 0x00000000
01-18 12:45:03.554  1742  1742 I         : BC_TRANSACTION: [Interface token] android.net.INetworkStatsService	[code] 0x00000005
01-18 12:45:03.554  1538  1668 I         : BR_TRANSACTION: [Interface token] android.net.INetworkStatsService	[code] 0x00000005
01-18 12:45:03.554  1538  1668 I         : BC_REPLY: [Interface token] 	[code] 0x00000000
01-18 12:45:03.555  1742  1742 I         : BR_REPLY: [Interface token] 	[code] 0x00000000
01-18 12:45:03.555  1742  1742 I         : BR_REPLY: [Interface token] 	[code] 0x00000000
01-18 12:45:04.557  1742  1742 I         : BC_TRANSACTION: [Interface token] android.net.INetworkStatsService	[code] 0x00000005
01-18 12:45:04.557  1538  1668 I         : BR_TRANSACTION: [Interface token] android.net.INetworkStatsService	[code] 0x00000005
01-18 12:45:04.557  1538  1668 I         : BC_REPLY: [Interface token] 	[code] 0x00000000
01-18 12:45:04.557  1742  1742 I         : BR_REPLY: [Interface token] 	[code] 0x00000000
01-18 12:45:04.558  1742  1742 I         : BC_TRANSACTION: [Interface token] android.net.INetworkStatsService	[code] 0x00000005
01-18 12:45:04.558  1538  1668 I         : BR_TRANSACTION: [Interface token] android.net.INetworkStatsService	[code] 0x00000005
01-18 12:45:04.558  1538  1668 I         : BC_REPLY: [Interface token] 	[code] 0x00000000
01-18 12:45:04.558  1742  1742 I         : BR_REPLY: [Interface token] 	[code] 0x00000000
01-18 12:45:04.558  1742  1742 I         : BR_REPLY: [Interface token] 	[code] 0x00000000
01-18 12:45:05.560  1742  1742 I         : BC_TRANSACTION: [Interface token] android.net.INetworkStatsService	[code] 0x00000005
01-18 12:45:05.560  1538  1668 I         : BR_TRANSACTION: [Interface token] android.net.INetworkStatsService	[code] 0x00000005
01-18 12:45:05.561  1538  1668 I         : BC_REPLY: [Interface token] 	[code] 0x00000000
01-18 12:45:05.561  1742  1742 I         : BR_REPLY: [Interface token] 	[code] 0x00000000
01-18 12:45:05.561  1742  1742 I         : BC_TRANSACTION: [Interface token] android.net.INetworkStatsService	[code] 0x00000005
01-18 12:45:05.561  1538  1668 I         : BR_TRANSACTION: [Interface token] android.net.INetworkStatsService	[code] 0x00000005
01-18 12:45:05.561  1538  1668 I         : BC_REPLY: [Interface token] 	[code] 0x00000000
01-18 12:45:05.561  1742  1742 I         : BR_REPLY: [Interface token] 	[code] 0x00000000
01-18 12:45:05.562  1742  1742 I         : BR_REPLY: [Interface token] 	[code] 0x00000000
01-18 12:45:06.564  1742  1742 I         : BC_TRANSACTION: [Interface token] android.net.INetworkStatsService	[code] 0x00000005
01-18 12:45:06.564  1538  1668 I         : BR_TRANSACTION: [Interface token] android.net.INetworkStatsService	[code] 0x00000005
01-18 12:45:06.564  1538  1668 I         : BC_REPLY: [Interface token] 	[code] 0x00000000
01-18 12:45:06.564  1742  1742 I         : BR_REPLY: [Interface token] 	[code] 0x00000000
01-18 12:45:06.564  1742  1742 I         : BC_TRANSACTION: [Interface token] android.net.INetworkStatsService	[code] 0x00000005
01-18 12:45:06.565  1538  1668 I         : BR_TRANSACTION: [Interface token] android.net.INetworkStatsService	[code] 0x00000005
01-18 12:45:06.565  1538  1668 I         : BC_REPLY: [Interface token] 	[code] 0x00000000
01-18 12:45:06.565  1742  1742 I         : BR_REPLY: [Interface token] 	[code] 0x00000000
01-18 12:45:06.565  1742  1742 I         : BR_REPLY: [Interface token] 	[code] 0x00000000
01-18 12:45:07.567  1742  1742 I         : BC_TRANSACTION: [Interface token] android.net.INetworkStatsService	[code] 0x00000005
01-18 12:45:07.567  1538  1668 I         : BR_TRANSACTION: [Interface token] android.net.INetworkStatsService	[code] 0x00000005
01-18 12:45:07.567  1538  1668 I         : BC_REPLY: [Interface token] 	[code] 0x00000000
01-18 12:45:07.567  1742  1742 I         : BR_REPLY: [Interface token] 	[code] 0x00000000
01-18 12:45:07.568  1742  1742 I         : BC_TRANSACTION: [Interface token] android.net.INetworkStatsService	[code] 0x00000005
01-18 12:45:07.568  1538  1668 I         : BR_TRANSACTION: [Interface token] android.net.INetworkStatsService	[code] 0x00000005
01-18 12:45:07.568  1538  1668 I         : BC_REPLY: [Interface token] 	[code] 0x00000000
01-18 12:45:07.568  1742  1742 I         : BR_REPLY: [Interface token] 	[code] 0x00000000
01-18 12:45:07.569  1742  1742 I         : BR_REPLY: [Interface token] 	[code] 0x00000000
01-18 12:45:08.570  1742  1742 I         : BC_TRANSACTION: [Interface token] android.net.INetworkStatsService	[code] 0x00000005
01-18 12:45:08.571  1538  1668 I         : BR_TRANSACTION: [Interface token] android.net.INetworkStatsService	[code] 0x00000005
01-18 12:45:08.571  1538  1668 I         : BC_REPLY: [Interface token] 	[code] 0x00000000
01-18 12:45:08.571  1742  1742 I         : BR_REPLY: [Interface token] 	[code] 0x00000000
01-18 12:45:08.571  1742  1742 I         : BC_TRANSACTION: [Interface token] android.net.INetworkStatsService	[code] 0x00000005
01-18 12:45:08.572  1538  1668 I         : BR_TRANSACTION: [Interface token] android.net.INetworkStatsService	[code] 0x00000005
01-18 12:45:08.572  1538  1668 I         : BC_REPLY: [Interface token] 	[code] 0x00000000
01-18 12:45:08.572  1742  1742 I         : BR_REPLY: [Interface token] 	[code] 0x00000000
01-18 12:45:08.572  1742  1742 I         : BR_REPLY: [Interface token] 	[code] 0x00000000
01-18 12:45:09.574  1742  1742 I         : BC_TRANSACTION: [Interface token] android.net.INetworkStatsService	[code] 0x00000005
01-18 12:45:09.574  1538  1668 I         : BR_TRANSACTION: [Interface token] android.net.INetworkStatsService	[code] 0x00000005
01-18 12:45:09.575  1538  1668 I         : BC_REPLY: [Interface token] 	[code] 0x00000000
01-18 12:45:09.575  1742  1742 I         : BR_REPLY: [Interface token] 	[code] 0x00000000
01-18 12:45:09.575  1742  1742 I         : BC_TRANSACTION: [Interface token] android.net.INetworkStatsService	[code] 0x00000005
01-18 12:45:09.575  1538  1668 I         : BR_TRANSACTION: [Interface token] android.net.INetworkStatsService	[code] 0x00000005
01-18 12:45:09.575  1538  1668 I         : BC_REPLY: [Interface token] 	[code] 0x00000000
01-18 12:45:09.576  1742  1742 I         : BR_REPLY: [Interface token] 	[code] 0x00000000
01-18 12:45:09.576  1742  1742 I         : BR_REPLY: [Interface token] 	[code] 0x00000000
01-18 12:45:10.578  1742  1742 I         : BC_TRANSACTION: [Interface token] android.net.INetworkStatsService	[code] 0x00000005
01-18 12:45:10.578  1538  1668 I         : BR_TRANSACTION: [Interface token] android.net.INetworkStatsService	[code] 0x00000005
01-18 12:45:10.578  1538  1668 I         : BC_REPLY: [Interface token] 	[code] 0x00000000
01-18 12:45:10.579  1742  1742 I         : BR_REPLY: [Interface token] 	[code] 0x00000000
01-18 12:45:10.579  1742  1742 I         : BC_TRANSACTION: [Interface token] android.net.INetworkStatsService	[code] 0x00000005
01-18 12:45:10.579  1538  1668 I         : BR_TRANSACTION: [Interface token] android.net.INetworkStatsService	[code] 0x00000005
01-18 12:45:10.579  1538  1668 I         : BC_REPLY: [Interface token] 	[code] 0x00000000
01-18 12:45:10.580  1742  1742 I         : BR_REPLY: [Interface token] 	[code] 0x00000000
01-18 12:45:10.580  1742  1742 I         : BR_REPLY: [Interface token] 	[code] 0x00000000
01-18 12:45:10.633  1742  1742 I         : BC_TRANSACTION: [Interface token] android.os.IPowerManager	[code] 0x00000001
01-18 12:45:10.633  1538  1668 I         : BR_TRANSACTION: [Interface token] android.os.IPowerManager	[code] 0x00000001
01-18 12:45:10.633  1538  1668 I         : BR_TRANSACTION: [Interface token] android.os.IPowerManager	[code] 0x00000001
01-18 12:45:10.634  1538  1668 E Parcel  : Reading a NULL string not supported here.
01-18 12:45:10.634  1538  1668 I         : BC_REPLY: [Interface token] 	[code] 0x00000000
01-18 12:45:10.634  1742  1742 E Parcel  : Reading a NULL string not supported here.
01-18 12:45:10.634  1742  1742 I         : BR_REPLY: [Interface token] 	[code] 0x00000000
01-18 12:45:10.635  1742  1742 E Parcel  : Reading a NULL string not supported here.
01-18 12:45:10.635  1742  1742 I         : BR_REPLY: [Interface token] 	[code] 0x00000000
01-18 12:45:10.636  1742  1841 I         : BC_TRANSACTION: [Interface token] android.os.IPowerManager	[code] 0x00000003
01-18 12:45:10.636  1538  1668 I         : BR_TRANSACTION: [Interface token] android.os.IPowerManager	[code] 0x00000003
01-18 12:45:10.636  1538  1668 I         : BR_TRANSACTION: [Interface token] android.os.IPowerManager	[code] 0x00000003
01-18 12:45:10.637  1742  1742 I         : BC_TRANSACTION: [Interface token] com.android.internal.telephony.ITelephonyRegistry	[code] 0x00000008
01-18 12:45:10.637  1538  1767 I         : BR_TRANSACTION: [Interface token] com.android.internal.telephony.ITelephonyRegistry	[code] 0x00000008
01-18 12:45:10.637  1538  1767 I         : BC_TRANSACTION: [Interface token] com.android.internal.telephony.IPhoneStateListener	[code] 0x00000009
01-18 12:45:10.637  1638  1821 I         : BR_TRANSACTION: [Interface token] com.android.internal.telephony.IPhoneStateListener	[code] 0x00000009
01-18 12:45:10.638  1538  1767 E Parcel  : Reading a NULL string not supported here.
01-18 12:45:10.638  1538  1767 I         : BC_REPLY: [Interface token] 	[code] 0x00000000
01-18 12:45:10.638  1742  1742 E Parcel  : Reading a NULL string not supported here.
01-18 12:45:10.638  1638  1825 I         : BC_TRANSACTION: [Interface token] android.os.IServiceManager	[code] 0x00000001
01-18 12:45:10.638  1742  1742 I         : BR_REPLY: [Interface token] 	[code] 0x00000000
01-18 12:45:10.638  1742  1742 E Parcel  : Reading a NULL string not supported here.
01-18 12:45:10.638  1742  1742 I         : BR_REPLY: [Interface token] 	[code] 0x00000000
01-18 12:45:10.638  1638  1825 E Parcel  : Reading a NULL string not supported here.
01-18 12:45:10.638  1638  1825 I         : BR_REPLY: [Interface token] 	[code] 0x00000000
01-18 12:45:10.638  1538  1668 E Parcel  : Reading a NULL string not supported here.
01-18 12:45:10.638  1538  1668 I         : BC_REPLY: [Interface token] 	[code] 0x00000000
01-18 12:45:10.638  1638  1825 I         : BC_TRANSACTION: [Interface token] com.android.internal.telephony.ITelephony	[code] 0x0000006a
01-18 12:45:10.638  1742  1841 E Parcel  : Reading a NULL string not supported here.
01-18 12:45:10.638  1742  1841 I         : BR_REPLY: [Interface token] 	[code] 0x00000000
01-18 12:45:10.639  1742  1862 I         : BR_TRANSACTION: [Interface token] com.android.internal.telephony.ITelephony	[code] 0x0000006a
01-18 12:45:10.639  1742  1862 I         : BC_TRANSACTION: [Interface token] android.app.IActivityManager	[code] 0x0000002c
01-18 12:45:10.639  1538  1668 I         : BR_TRANSACTION: [Interface token] android.app.IActivityManager	[code] 0x0000002c
01-18 12:45:10.639  1538  1668 E Parcel  : Reading a NULL string not supported here.
01-18 12:45:10.639  1538  1668 I         : BC_REPLY: [Interface token] 	[code] 0x00000000
01-18 12:45:10.639  1742  1862 E Parcel  : Reading a NULL string not supported here.
01-18 12:45:10.640  1742  1862 I         : BR_REPLY: [Interface token] 	[code] 0x00000000
01-18 12:45:10.640  1742  1862 E Parcel  : Reading a NULL string not supported here.
01-18 12:45:10.640  1742  1862 I         : BC_REPLY: [Interface token] 	[code] 0x00000000
01-18 12:45:10.640  1638  1825 E Parcel  : Reading a NULL string not supported here.
01-18 12:45:10.640  1638  1825 I         : BR_REPLY: [Interface token] 	[code] 0x00000000
01-18 12:45:10.641  1638  1825 E Parcel  : Reading a NULL string not supported here.
01-18 12:45:10.641  1638  1825 I         : BR_REPLY: [Interface token] 	[code] 0x00000000
01-18 12:45:10.817  1742  1742 I         : BC_TRANSACTION: [Interface token] android.os.IPowerManager	[code] 0x00000001
01-18 12:45:10.817  1538  1668 I         : BR_TRANSACTION: [Interface token] android.os.IPowerManager	[code] 0x00000001
01-18 12:45:10.817  1538  1668 I         : BR_TRANSACTION: [Interface token] android.os.IPowerManager	[code] 0x00000001
01-18 12:45:10.818  1538  1668 E Parcel  : Reading a NULL string not supported here.
01-18 12:45:10.818  1538  1668 I         : BC_REPLY: [Interface token] 	[code] 0x00000000
01-18 12:45:10.818  1742  1742 E Parcel  : Reading a NULL string not supported here.
01-18 12:45:10.818  1742  1742 I         : BR_REPLY: [Interface token] 	[code] 0x00000000
01-18 12:45:10.818  1742  1742 E Parcel  : Reading a NULL string not supported here.
01-18 12:45:10.818  1742  1742 I         : BR_REPLY: [Interface token] 	[code] 0x00000000
01-18 12:45:10.820  1742  1841 I         : BC_TRANSACTION: [Interface token] android.os.IPowerManager	[code] 0x00000003
01-18 12:45:10.820  1538  1668 I         : BR_TRANSACTION: [Interface token] android.os.IPowerManager	[code] 0x00000003
01-18 12:45:10.820  1538  1668 I         : BR_TRANSACTION: [Interface token] android.os.IPowerManager	[code] 0x00000003
01-18 12:45:10.820  1538  1668 E Parcel  : Reading a NULL string not supported here.
01-18 12:45:10.820  1538  1668 I         : BC_REPLY: [Interface token] 	[code] 0x00000000
01-18 12:45:10.820  1742  1841 E Parcel  : Reading a NULL string not supported here.
01-18 12:45:10.820  1742  1841 I         : BR_REPLY: [Interface token] 	[code] 0x00000000
01-18 12:45:10.821  1742  1742 I         : BC_TRANSACTION: [Interface token] com.android.internal.telephony.ITelephonyRegistry	[code] 0x00000008
01-18 12:45:10.821  1538  1668 I         : BR_TRANSACTION: [Interface token] com.android.internal.telephony.ITelephonyRegistry	[code] 0x00000008
01-18 12:45:10.821  1538  1668 I         : BC_TRANSACTION: [Interface token] com.android.internal.telephony.IPhoneStateListener	[code] 0x00000009
01-18 12:45:10.821  1638  1821 I         : BR_TRANSACTION: [Interface token] com.android.internal.telephony.IPhoneStateListener	[code] 0x00000009
01-18 12:45:10.822  1638  1825 I         : BC_TRANSACTION: [Interface token] android.os.IServiceManager	[code] 0x00000001
01-18 12:45:10.822  1538  1668 E Parcel  : Reading a NULL string not supported here.
01-18 12:45:10.822  1538  1668 I         : BC_REPLY: [Interface token] 	[code] 0x00000000
01-18 12:45:10.823  1638  1825 E Parcel  : Reading a NULL string not supported here.
01-18 12:45:10.823  1638  1825 I         : BR_REPLY: [Interface token] 	[code] 0x00000000
01-18 12:45:10.823  1638  1825 I         : BC_TRANSACTION: [Interface token] com.android.internal.telephony.ITelephony	[code] 0x0000006a
01-18 12:45:10.823  1742  1862 I         : BR_TRANSACTION: [Interface token] com.android.internal.telephony.ITelephony	[code] 0x0000006a
01-18 12:45:10.823  1742  1742 E Parcel  : Reading a NULL string not supported here.
01-18 12:45:10.823  1742  1742 I         : BR_REPLY: [Interface token] 	[code] 0x00000000
01-18 12:45:10.823  1742  1862 I         : BC_TRANSACTION: [Interface token] android.app.IActivityManager	[code] 0x0000002c
01-18 12:45:10.823  1538  1668 I         : BR_TRANSACTION: [Interface token] android.app.IActivityManager	[code] 0x0000002c
01-18 12:45:10.824  1742  1742 E Parcel  : Reading a NULL string not supported here.
01-18 12:45:10.824  1742  1742 I         : BR_REPLY: [Interface token] 	[code] 0x00000000
01-18 12:45:10.824  1538  1668 E Parcel  : Reading a NULL string not supported here.
01-18 12:45:10.824  1538  1668 I         : BC_REPLY: [Interface token] 	[code] 0x00000000
01-18 12:45:10.824  1742  1862 E Parcel  : Reading a NULL string not supported here.
01-18 12:45:10.824  1742  1862 I         : BR_REPLY: [Interface token] 	[code] 0x00000000
01-18 12:45:10.824  1742  1862 E Parcel  : Reading a NULL string not supported here.
01-18 12:45:10.824  1742  1862 I         : BC_REPLY: [Interface token] 	[code] 0x00000000
01-18 12:45:10.825  1638  1825 E Parcel  : Reading a NULL string not supported here.
01-18 12:45:10.825  1638  1825 I         : BR_REPLY: [Interface token] 	[code] 0x00000000
01-18 12:45:10.825  1638  1825 E Parcel  : Reading a NULL string not supported here.
01-18 12:45:10.825  1638  1825 I         : BR_REPLY: [Interface token] 	[code] 0x00000000
01-18 12:45:11.581  1742  1742 I         : BC_TRANSACTION: [Interface token] android.net.INetworkStatsService	[code] 0x00000005
